MPLINK 4.40, Linker
Linker Map File - Created Sat Mar 02 12:25:46 2013

                                 Section Info
                  Section       Type    Address   Location Size(Bytes)
                ---------  ---------  ---------  ---------  ---------
               _entry_scn       code   0x000000    program   0x000006
       .code__user_putc.o       code   0x000006    program   0x000002
      high_vector_section       code   0x000008    program   0x000006
                   .cinit    romdata   0x00000e    program   0x00000e
         .code_vfprintf.o       code   0x00001c    program   0x000c22
              .code_lcd.o       code   0x000c3e    program   0x000300
         .code_lcd_test.o       code   0x000f3e    program   0x0002ea
          .code_sprintf.o       code   0x001228    program   0x0000ac
               _cinit_scn       code   0x0012d4    program   0x00009e
             .code_putc.o       code   0x001372    program   0x000084
          .code_fxm3232.o       code   0x0013f6    program   0x000070
                   STRING       code   0x001466    program   0x000066
                     PROG       code   0x0014cc    program   0x00005a
         .code_fxd3232u.o       code   0x001526    program   0x000048
          .code_t0write.o       code   0x00156e    program   0x000038
           .code_t0open.o       code   0x0015a6    program   0x000038
                    CTYPE       code   0x0015de    program   0x000024
             .stringtable    romdata   0x001602    program   0x000022
              D1KTCYXCODE       code   0x001624    program   0x000020
                    .code       code   0x001644    program   0x000020
             _startup_scn       code   0x001664    program   0x00001c
                    STDIO       code   0x001680    program   0x00001c
             D100TCYXCODE       code   0x00169c    program   0x00001c
      .romdata_vfprintf.o    romdata   0x0016b8    program   0x000011
      .idata_fxd3232u.o_i    romdata   0x0016c9    program   0x000000
      .romdata_fxd3232u.o    romdata   0x0016c9    program   0x000000
      .romdata_lcd_test.o    romdata   0x0016c9    program   0x000000
       .idata_fxm3232.o_i    romdata   0x0016c9    program   0x000000
       .romdata_fxm3232.o    romdata   0x0016c9    program   0x000000
          .idata_putc.o_i    romdata   0x0016c9    program   0x000000
          .romdata_putc.o    romdata   0x0016c9    program   0x000000
    .idata__user_putc.o_i    romdata   0x0016c9    program   0x000000
    .romdata__user_putc.o    romdata   0x0016c9    program   0x000000
         .romdata_c018i.o    romdata   0x0016c9    program   0x000000
         .idata_c018i.o_i    romdata   0x0016c9    program   0x000000
      .idata_vfprintf.o_i    romdata   0x0016c9    program   0x000000
       .romdata_sprintf.o    romdata   0x0016c9    program   0x000000
       .idata_sprintf.o_i    romdata   0x0016c9    program   0x000000
        .romdata___init.o    romdata   0x0016c9    program   0x000000
        .idata___init.o_i    romdata   0x0016c9    program   0x000000
           .idata_lcd.o_i    romdata   0x0016c9    program   0x000000
       .romdata_t0write.o    romdata   0x0016c9    program   0x000000
       .idata_t0write.o_i    romdata   0x0016c9    program   0x000000
        .romdata_t0open.o    romdata   0x0016c9    program   0x000000
        .idata_t0open.o_i    romdata   0x0016c9    program   0x000000
           .romdata_lcd.o    romdata   0x0016c9    program   0x000000
           .code___init.o       code   0x0016ca    program   0x000002
            .code_c018i.o       code   0x0016ca    program   0x000000
      .idata_lcd_test.o_i    romdata   0x0016cc    program   0x000003
.config_300001_lcd_test.o    romdata   0x300001    program   0x000001
.config_300002_lcd_test.o    romdata   0x300002    program   0x000001
.config_300003_lcd_test.o    romdata   0x300003    program   0x000001
.config_300005_lcd_test.o    romdata   0x300005    program   0x000001
.config_300006_lcd_test.o    romdata   0x300006    program   0x000001
                MATH_DATA      udata   0x000000       data   0x000014
                 .tmpdata      udata   0x000014       data   0x00000a
                DELAYDAT1      udata   0x00001e       data   0x000001
           .udata_c018i.o      udata   0x000080       data   0x00000a
        .idata_lcd_test.o      idata   0x00008a       data   0x000003
      .idata__user_putc.o      idata   0x00008d       data   0x000000
      .udata__user_putc.o      udata   0x00008d       data   0x000000
            .idata_putc.o      idata   0x00008d       data   0x000000
            .udata_putc.o      udata   0x00008d       data   0x000000
         .idata_fxm3232.o      idata   0x00008d       data   0x000000
         .udata_fxm3232.o      udata   0x00008d       data   0x000000
        .idata_fxd3232u.o      idata   0x00008d       data   0x000000
        .udata_fxd3232u.o      udata   0x00008d       data   0x000000
        .idata_vfprintf.o      idata   0x00008d       data   0x000000
        .udata_vfprintf.o      udata   0x00008d       data   0x000000
         .idata_sprintf.o      idata   0x00008d       data   0x000000
         .udata_sprintf.o      udata   0x00008d       data   0x000000
          .idata___init.o      idata   0x00008d       data   0x000000
          .udata___init.o      udata   0x00008d       data   0x000000
         .idata_t0write.o      idata   0x00008d       data   0x000000
         .udata_t0write.o      udata   0x00008d       data   0x000000
          .idata_t0open.o      idata   0x00008d       data   0x000000
          .udata_t0open.o      udata   0x00008d       data   0x000000
             .idata_lcd.o      idata   0x00008d       data   0x000000
             .udata_lcd.o      udata   0x00008d       data   0x000000
        .udata_lcd_test.o      udata   0x00008d       data   0x000000
           .idata_c018i.o      idata   0x00008d       data   0x000000
                   .stack      udata   0x000500       data   0x000100
            SFR_UNBANKED0      udata   0x000f80       data   0x000080



                              Program Memory Usage 
                               Start         End      
                           ---------   ---------      
                            0x000000    0x0016c8      
                            0x0016ca    0x0016ce      
                            0x300001    0x300003      
                            0x300005    0x300006      
            5843 out of 33048 program addresses used, program memory utilization is 17%



                              Symbols - Sorted by Name
                     Name    Address   Location    Storage File                     
                ---------  ---------  ---------  --------- ---------                
                   D100_1   0x0016aa    program     static C:\MCC18\v3_39\src\traditional\delays\d100tcyx.asm
                    D100x   0x0016a8    program     static C:\MCC18\v3_39\src\traditional\delays\d100tcyx.asm
                    D1K_1   0x001630    program     static C:\MCC18\v3_39\src\traditional\delays\d1ktcyx.asm
                     D1Kx   0x00162e    program     static C:\MCC18\v3_39\src\traditional\delays\d1ktcyx.asm
             Delay100TCYx   0x00169c    program     extern C:\MCC18\v3_39\src\traditional\delays\d100tcyx.asm
              Delay1KTCYx   0x001624    program     extern C:\MCC18\v3_39\src\traditional\delays\d1ktcyx.asm
                 Delay_ms   0x000c3e    program     extern G:\lcd\lcd.c             
              DisplayRead   0x000ca0    program     extern G:\lcd\lcd.c             
             DisplayWrite   0x000cee    program     extern G:\lcd\lcd.c             
                 FXD3232U   0x001526    program     extern C:\MCC18\v3_39\src\traditional\math\fxd3232u.c
                 FXM1616S   0x0014cc    program     extern C:\MCC18\v3_39\src\traditional\math\fxm1616s.asm
                  FXM3232   0x0013f6    program     extern C:\MCC18\v3_39\src\traditional\math\fxm3232.c
                 HIGH_ISR   0x000f3e    program     extern G:\lcd\lcd_test.c        
           LCD_Cursor_OFF   0x000f22    program     extern G:\lcd\lcd.c             
            LCD_Cursor_ON   0x000f14    program     extern G:\lcd\lcd.c             
                 LCD_Init   0x000d68    program     extern G:\lcd\lcd.c             
                LCD_clear   0x000f30    program     extern G:\lcd\lcd.c             
               LCD_gotoxy   0x000e22    program     extern G:\lcd\lcd.c             
                 LCD_putc   0x000ef2    program     extern G:\lcd\lcd.c             
               LCD_string   0x000e78    program     extern G:\lcd\lcd.c             
            LCD_string_xy   0x000ebe    program     extern G:\lcd\lcd.c             
               OpenTimer0   0x0015a6    program     extern C:\MCC18\v3_39\src\pmc_common\Timers\t0open.c
               TSIGN1616A   0x001518    program     static C:\MCC18\v3_39\src\traditional\math\fxm1616s.asm
              WriteTimer0   0x00156e    program     extern C:\MCC18\v3_39\src\pmc_common\Timers\t0write.c
                   _2jEnd   0x0014b6    program     static C:\MCC18\v3_39\src\traditional\stdclib\slenpgm.asm
       _D100TCYXCODE_0008   0x0016a4    program     static C:\MCC18\v3_39\src\traditional\delays\d100tcyx.asm
       _D100TCYXCODE_0012   0x0016ae    program     static C:\MCC18\v3_39\src\traditional\delays\d100tcyx.asm
       _D100TCYXCODE_0018   0x0016b4    program     static C:\MCC18\v3_39\src\traditional\delays\d100tcyx.asm
        _D1KTCYXCODE_0010   0x001634    program     static C:\MCC18\v3_39\src\traditional\delays\d1ktcyx.asm
        _D1KTCYXCODE_0016   0x00163a    program     static C:\MCC18\v3_39\src\traditional\delays\d1ktcyx.asm
         ___else_lbl00009   0x000d0a    program     static                          
           ___if_lbl00008   0x000d0c    program     static                          
       ___return_lbl00000   0x00000c    program     static                          
       ___return_lbl00000   0x00156c    program     static                          
       ___return_lbl00000   0x000004    program     static                          
       ___return_lbl00000   0x001464    program     static                          
       ___return_lbl00001   0x00167e    program     static                          
       ___return_lbl00002   0x001370    program     static                          
       ___return_lbl00007   0x000d3e    program     static                          
               __config_0   0x300001    program     static G:\lcd\lcd_test.c        
               __config_1   0x300002    program     static G:\lcd\lcd_test.c        
               __config_2   0x300003    program     static G:\lcd\lcd_test.c        
               __config_3   0x300005    program     static G:\lcd\lcd_test.c        
               __config_4   0x300006    program     static G:\lcd\lcd_test.c        
                   __init   0x0016ca    program     extern C:\MCC18\v3_39\src\traditional\stdclib\__init.c
                   __pa_0   0x00095c    program     static C:\MCC18\v3_39\src\traditional\stdclib\vfprintf.c
                   __pa_1   0x000964    program     static C:\MCC18\v3_39\src\traditional\stdclib\vfprintf.c
                  __pa_10   0x000a18    program     static C:\MCC18\v3_39\src\traditional\stdclib\vfprintf.c
                  __pa_11   0x000a26    program     static C:\MCC18\v3_39\src\traditional\stdclib\vfprintf.c
                  __pa_12   0x000a3c    program     static C:\MCC18\v3_39\src\traditional\stdclib\vfprintf.c
                  __pa_13   0x000a56    program     static C:\MCC18\v3_39\src\traditional\stdclib\vfprintf.c
                  __pa_14   0x000a6e    program     static C:\MCC18\v3_39\src\traditional\stdclib\vfprintf.c
                  __pa_15   0x000a7e    program     static C:\MCC18\v3_39\src\traditional\stdclib\vfprintf.c
                  __pa_16   0x000a94    program     static C:\MCC18\v3_39\src\traditional\stdclib\vfprintf.c
                  __pa_17   0x000aa6    program     static C:\MCC18\v3_39\src\traditional\stdclib\vfprintf.c
                  __pa_18   0x000ab8    program     static C:\MCC18\v3_39\src\traditional\stdclib\vfprintf.c
                  __pa_19   0x000ac2    program     static C:\MCC18\v3_39\src\traditional\stdclib\vfprintf.c
                   __pa_2   0x00096e    program     static C:\MCC18\v3_39\src\traditional\stdclib\vfprintf.c
                  __pa_20   0x000ad2    program     static C:\MCC18\v3_39\src\traditional\stdclib\vfprintf.c
                  __pa_21   0x000ae2    program     static C:\MCC18\v3_39\src\traditional\stdclib\vfprintf.c
                  __pa_22   0x000af2    program     static C:\MCC18\v3_39\src\traditional\stdclib\vfprintf.c
                  __pa_23   0x000afe    program     static C:\MCC18\v3_39\src\traditional\stdclib\vfprintf.c
                  __pa_24   0x000b0c    program     static C:\MCC18\v3_39\src\traditional\stdclib\vfprintf.c
                  __pa_25   0x000b14    program     static C:\MCC18\v3_39\src\traditional\stdclib\vfprintf.c
                  __pa_26   0x000b1e    program     static C:\MCC18\v3_39\src\traditional\stdclib\vfprintf.c
                  __pa_27   0x000b28    program     static C:\MCC18\v3_39\src\traditional\stdclib\vfprintf.c
                  __pa_28   0x000b30    program     static C:\MCC18\v3_39\src\traditional\stdclib\vfprintf.c
                  __pa_29   0x000b3e    program     static C:\MCC18\v3_39\src\traditional\stdclib\vfprintf.c
                   __pa_3   0x000978    program     static C:\MCC18\v3_39\src\traditional\stdclib\vfprintf.c
                  __pa_30   0x000b5a    program     static C:\MCC18\v3_39\src\traditional\stdclib\vfprintf.c
                  __pa_31   0x000b74    program     static C:\MCC18\v3_39\src\traditional\stdclib\vfprintf.c
                  __pa_32   0x000b8e    program     static C:\MCC18\v3_39\src\traditional\stdclib\vfprintf.c
                  __pa_33   0x000ba6    program     static C:\MCC18\v3_39\src\traditional\stdclib\vfprintf.c
                  __pa_34   0x000bb0    program     static C:\MCC18\v3_39\src\traditional\stdclib\vfprintf.c
                  __pa_35   0x000bbe    program     static C:\MCC18\v3_39\src\traditional\stdclib\vfprintf.c
                  __pa_36   0x000bc6    program     static C:\MCC18\v3_39\src\traditional\stdclib\vfprintf.c
                  __pa_37   0x000bd0    program     static C:\MCC18\v3_39\src\traditional\stdclib\vfprintf.c
                  __pa_38   0x000be0    program     static C:\MCC18\v3_39\src\traditional\stdclib\vfprintf.c
                  __pa_39   0x000bee    program     static C:\MCC18\v3_39\src\traditional\stdclib\vfprintf.c
                   __pa_4   0x000990    program     static C:\MCC18\v3_39\src\traditional\stdclib\vfprintf.c
                  __pa_40   0x000bfa    program     static C:\MCC18\v3_39\src\traditional\stdclib\vfprintf.c
                  __pa_41   0x000c06    program     static C:\MCC18\v3_39\src\traditional\stdclib\vfprintf.c
                  __pa_42   0x000c0e    program     static C:\MCC18\v3_39\src\traditional\stdclib\vfprintf.c
                  __pa_43   0x000c18    program     static C:\MCC18\v3_39\src\traditional\stdclib\vfprintf.c
                  __pa_44   0x000c1e    program     static C:\MCC18\v3_39\src\traditional\stdclib\vfprintf.c
                  __pa_45   0x000c28    program     static C:\MCC18\v3_39\src\traditional\stdclib\vfprintf.c
                  __pa_46   0x000c34    program     static C:\MCC18\v3_39\src\traditional\stdclib\vfprintf.c
                   __pa_5   0x0009a4    program     static C:\MCC18\v3_39\src\traditional\stdclib\vfprintf.c
                   __pa_6   0x0009c0    program     static C:\MCC18\v3_39\src\traditional\stdclib\vfprintf.c
                   __pa_7   0x0009ca    program     static C:\MCC18\v3_39\src\traditional\stdclib\vfprintf.c
                   __pa_8   0x0009d6    program     static C:\MCC18\v3_39\src\traditional\stdclib\vfprintf.c
                   __pa_9   0x0009f8    program     static C:\MCC18\v3_39\src\traditional\stdclib\vfprintf.c
               __string_1   0x00161a    program     static G:\lcd\lcd_test.c        
               __string_2   0x001611    program     static G:\lcd\lcd_test.c        
               __string_3   0x001602    program     static G:\lcd\lcd_test.c        
              __tmplbl_42   0x000af2    program     static                          
              __tmplbl_43   0x00093a    program     static                          
              __tmplbl_44   0x000920    program     static                          
              __tmplbl_85   0x000072    program     static                          
            __zero_memory   0x001644    program     extern C:\MCC18\v3_39\src\traditional\proc\p18F4520.asm
                _do_cinit   0x0012d4    program     extern C:\MCC18\v3_39\src\traditional\startup\c018i.c
                   _entry   0x000000    program     extern C:\MCC18\v3_39\src\traditional\startup\c018i.c
                   _false   0x001568    program     static                          
                 _startup   0x001664    program     extern C:\MCC18\v3_39\src\traditional\startup\c018i.c
              _usart_putc   0x001680    program     extern C:\MCC18\v3_39\src\pmc_common\USART\_usartpc.asm
               _user_putc   0x000006    program     extern C:\MCC18\v3_39\src\traditional\stdclib\_user_putc.c
                 busy_lcd   0x000d46    program     extern G:\lcd\lcd.c             
                compare_l   0x00165a    program     static C:\MCC18\v3_39\src\traditional\proc\p18F4520.asm
                copy_loop   0x001346    program     static                          
            copy_one_byte   0x00134c    program     static                          
                     done   0x001370    program     static                          
             done_copying   0x00135a    program     static                          
              high_vector   0x000008    program     extern G:\lcd\lcd_test.c        
                  isdigit   0x0015de    program     extern C:\MCC18\v3_39\src\traditional\stdclib\isdigit.asm
                     jEnd   0x001480    program     static C:\MCC18\v3_39\src\traditional\stdclib\strlen.asm
                     jEnd   0x0014b8    program     static C:\MCC18\v3_39\src\traditional\stdclib\slenpgm.asm
                    jLoop   0x001476    program     static C:\MCC18\v3_39\src\traditional\stdclib\strlen.asm
                    jLoop   0x0014a0    program     static C:\MCC18\v3_39\src\traditional\stdclib\slenpgm.asm
                   jMatch   0x0015fe    program     static C:\MCC18\v3_39\src\traditional\stdclib\isdigit.asm
                 jNoMatch   0x001600    program     static C:\MCC18\v3_39\src\traditional\stdclib\isdigit.asm
                     loop   0x001690    program     static C:\MCC18\v3_39\src\pmc_common\USART\_usartpc.asm
                     loop   0x001674    program     static                          
                     loop   0x001534    program     static                          
                   loop_h   0x001652    program     static C:\MCC18\v3_39\src\traditional\proc\p18F4520.asm
                   loop_l   0x00165c    program     static C:\MCC18\v3_39\src\traditional\proc\p18F4520.asm
                     main   0x001006    program     extern G:\lcd\lcd_test.c        
                     putc   0x001372    program     extern C:\MCC18\v3_39\src\traditional\stdclib\putc.c
                 s_digits   0x0016b8    program     static C:\MCC18\v3_39\src\traditional\stdclib\vfprintf.c
            s_put_n_chars   0x00001c    program     static C:\MCC18\v3_39\src\traditional\stdclib\vfprintf.c
                  sprintf   0x001228    program     extern C:\MCC18\v3_39\src\traditional\stdclib\sprintf.c
                   strlen   0x001466    program     extern C:\MCC18\v3_39\src\traditional\stdclib\strlen.asm
                strlenpgm   0x001482    program     extern C:\MCC18\v3_39\src\traditional\stdclib\slenpgm.asm
                     test   0x0012ee    program     static                          
                 vfprintf   0x000048    program     extern C:\MCC18\v3_39\src\traditional\stdclib\vfprintf.c
               zero_block   0x001652    program     static C:\MCC18\v3_39\src\traditional\proc\p18F4520.asm
                   ADCON0   0x000fc2       data     extern C:\MCC18\v3_39\src\traditional\proc\p18F4520.asm
               ADCON0bits   0x000fc2       data     extern C:\MCC18\v3_39\src\traditional\proc\p18F4520.asm
                   ADCON1   0x000fc1       data     extern C:\MCC18\v3_39\src\traditional\proc\p18F4520.asm
               ADCON1bits   0x000fc1       data     extern C:\MCC18\v3_39\src\traditional\proc\p18F4520.asm
                   ADCON2   0x000fc0       data     extern C:\MCC18\v3_39\src\traditional\proc\p18F4520.asm
               ADCON2bits   0x000fc0       data     extern C:\MCC18\v3_39\src\traditional\proc\p18F4520.asm
                    ADRES   0x000fc3       data     extern C:\MCC18\v3_39\src\traditional\proc\p18F4520.asm
                   ADRESH   0x000fc4       data     extern C:\MCC18\v3_39\src\traditional\proc\p18F4520.asm
                   ADRESL   0x000fc3       data     extern C:\MCC18\v3_39\src\traditional\proc\p18F4520.asm
                  BAUDCON   0x000fb8       data     extern C:\MCC18\v3_39\src\traditional\proc\p18F4520.asm
              BAUDCONbits   0x000fb8       data     extern C:\MCC18\v3_39\src\traditional\proc\p18F4520.asm
                  BAUDCTL   0x000fb8       data     extern C:\MCC18\v3_39\src\traditional\proc\p18F4520.asm
              BAUDCTLbits   0x000fb8       data     extern C:\MCC18\v3_39\src\traditional\proc\p18F4520.asm
                      BSR   0x000fe0       data     extern C:\MCC18\v3_39\src\traditional\proc\p18F4520.asm
                  CCP1CON   0x000fbd       data     extern C:\MCC18\v3_39\src\traditional\proc\p18F4520.asm
              CCP1CONbits   0x000fbd       data     extern C:\MCC18\v3_39\src\traditional\proc\p18F4520.asm
                  CCP2CON   0x000fba       data     extern C:\MCC18\v3_39\src\traditional\proc\p18F4520.asm
              CCP2CONbits   0x000fba       data     extern C:\MCC18\v3_39\src\traditional\proc\p18F4520.asm
                    CCPR1   0x000fbe       data     extern C:\MCC18\v3_39\src\traditional\proc\p18F4520.asm
                   CCPR1H   0x000fbf       data     extern C:\MCC18\v3_39\src\traditional\proc\p18F4520.asm
                   CCPR1L   0x000fbe       data     extern C:\MCC18\v3_39\src\traditional\proc\p18F4520.asm
                    CCPR2   0x000fbb       data     extern C:\MCC18\v3_39\src\traditional\proc\p18F4520.asm
                   CCPR2H   0x000fbc       data     extern C:\MCC18\v3_39\src\traditional\proc\p18F4520.asm
                   CCPR2L   0x000fbb       data     extern C:\MCC18\v3_39\src\traditional\proc\p18F4520.asm
                    CMCON   0x000fb4       data     extern C:\MCC18\v3_39\src\traditional\proc\p18F4520.asm
                CMCONbits   0x000fb4       data     extern C:\MCC18\v3_39\src\traditional\proc\p18F4520.asm
                   CVRCON   0x000fb5       data     extern C:\MCC18\v3_39\src\traditional\proc\p18F4520.asm
               CVRCONbits   0x000fb5       data     extern C:\MCC18\v3_39\src\traditional\proc\p18F4520.asm
                     DDRA   0x000f92       data     extern C:\MCC18\v3_39\src\traditional\proc\p18F4520.asm
                 DDRAbits   0x000f92       data     extern C:\MCC18\v3_39\src\traditional\proc\p18F4520.asm
                     DDRB   0x000f93       data     extern C:\MCC18\v3_39\src\traditional\proc\p18F4520.asm
                 DDRBbits   0x000f93       data     extern C:\MCC18\v3_39\src\traditional\proc\p18F4520.asm
                     DDRC   0x000f94       data     extern C:\MCC18\v3_39\src\traditional\proc\p18F4520.asm
                 DDRCbits   0x000f94       data     extern C:\MCC18\v3_39\src\traditional\proc\p18F4520.asm
                     DDRD   0x000f95       data     extern C:\MCC18\v3_39\src\traditional\proc\p18F4520.asm
                 DDRDbits   0x000f95       data     extern C:\MCC18\v3_39\src\traditional\proc\p18F4520.asm
                     DDRE   0x000f96       data     extern C:\MCC18\v3_39\src\traditional\proc\p18F4520.asm
                 DDREbits   0x000f96       data     extern C:\MCC18\v3_39\src\traditional\proc\p18F4520.asm
            DelayCounter1   0x00001e       data     extern C:\MCC18\v3_39\src\traditional\delays\delayd1.asm
                  ECCP1AS   0x000fb6       data     extern C:\MCC18\v3_39\src\traditional\proc\p18F4520.asm
              ECCP1ASbits   0x000fb6       data     extern C:\MCC18\v3_39\src\traditional\proc\p18F4520.asm
                 ECCP1DEL   0x000fb7       data     extern C:\MCC18\v3_39\src\traditional\proc\p18F4520.asm
             ECCP1DELbits   0x000fb7       data     extern C:\MCC18\v3_39\src\traditional\proc\p18F4520.asm
                   ECCPAS   0x000fb6       data     extern C:\MCC18\v3_39\src\traditional\proc\p18F4520.asm
               ECCPASbits   0x000fb6       data     extern C:\MCC18\v3_39\src\traditional\proc\p18F4520.asm
                    EEADR   0x000fa9       data     extern C:\MCC18\v3_39\src\traditional\proc\p18F4520.asm
                   EECON1   0x000fa6       data     extern C:\MCC18\v3_39\src\traditional\proc\p18F4520.asm
               EECON1bits   0x000fa6       data     extern C:\MCC18\v3_39\src\traditional\proc\p18F4520.asm
                   EECON2   0x000fa7       data     extern C:\MCC18\v3_39\src\traditional\proc\p18F4520.asm
                   EEDATA   0x000fa8       data     extern C:\MCC18\v3_39\src\traditional\proc\p18F4520.asm
                     FSR0   0x000fe9       data     extern C:\MCC18\v3_39\src\traditional\proc\p18F4520.asm
                    FSR0H   0x000fea       data     extern C:\MCC18\v3_39\src\traditional\proc\p18F4520.asm
                    FSR0L   0x000fe9       data     extern C:\MCC18\v3_39\src\traditional\proc\p18F4520.asm
                     FSR1   0x000fe1       data     extern C:\MCC18\v3_39\src\traditional\proc\p18F4520.asm
                    FSR1H   0x000fe2       data     extern C:\MCC18\v3_39\src\traditional\proc\p18F4520.asm
                    FSR1L   0x000fe1       data     extern C:\MCC18\v3_39\src\traditional\proc\p18F4520.asm
                     FSR2   0x000fd9       data     extern C:\MCC18\v3_39\src\traditional\proc\p18F4520.asm
                    FSR2H   0x000fda       data     extern C:\MCC18\v3_39\src\traditional\proc\p18F4520.asm
                    FSR2L   0x000fd9       data     extern C:\MCC18\v3_39\src\traditional\proc\p18F4520.asm
                  HLVDCON   0x000fd2       data     extern C:\MCC18\v3_39\src\traditional\proc\p18F4520.asm
              HLVDCONbits   0x000fd2       data     extern C:\MCC18\v3_39\src\traditional\proc\p18F4520.asm
                    INDF0   0x000fef       data     extern C:\MCC18\v3_39\src\traditional\proc\p18F4520.asm
                    INDF1   0x000fe7       data     extern C:\MCC18\v3_39\src\traditional\proc\p18F4520.asm
                    INDF2   0x000fdf       data     extern C:\MCC18\v3_39\src\traditional\proc\p18F4520.asm
                   INTCON   0x000ff2       data     extern C:\MCC18\v3_39\src\traditional\proc\p18F4520.asm
                  INTCON2   0x000ff1       data     extern C:\MCC18\v3_39\src\traditional\proc\p18F4520.asm
              INTCON2bits   0x000ff1       data     extern C:\MCC18\v3_39\src\traditional\proc\p18F4520.asm
                  INTCON3   0x000ff0       data     extern C:\MCC18\v3_39\src\traditional\proc\p18F4520.asm
              INTCON3bits   0x000ff0       data     extern C:\MCC18\v3_39\src\traditional\proc\p18F4520.asm
               INTCONbits   0x000ff2       data     extern C:\MCC18\v3_39\src\traditional\proc\p18F4520.asm
                     IPR1   0x000f9f       data     extern C:\MCC18\v3_39\src\traditional\proc\p18F4520.asm
                 IPR1bits   0x000f9f       data     extern C:\MCC18\v3_39\src\traditional\proc\p18F4520.asm
                     IPR2   0x000fa2       data     extern C:\MCC18\v3_39\src\traditional\proc\p18F4520.asm
                 IPR2bits   0x000fa2       data     extern C:\MCC18\v3_39\src\traditional\proc\p18F4520.asm
                     LATA   0x000f89       data     extern C:\MCC18\v3_39\src\traditional\proc\p18F4520.asm
                 LATAbits   0x000f89       data     extern C:\MCC18\v3_39\src\traditional\proc\p18F4520.asm
                     LATB   0x000f8a       data     extern C:\MCC18\v3_39\src\traditional\proc\p18F4520.asm
                 LATBbits   0x000f8a       data     extern C:\MCC18\v3_39\src\traditional\proc\p18F4520.asm
                     LATC   0x000f8b       data     extern C:\MCC18\v3_39\src\traditional\proc\p18F4520.asm
                 LATCbits   0x000f8b       data     extern C:\MCC18\v3_39\src\traditional\proc\p18F4520.asm
                     LATD   0x000f8c       data     extern C:\MCC18\v3_39\src\traditional\proc\p18F4520.asm
                 LATDbits   0x000f8c       data     extern C:\MCC18\v3_39\src\traditional\proc\p18F4520.asm
                     LATE   0x000f8d       data     extern C:\MCC18\v3_39\src\traditional\proc\p18F4520.asm
                 LATEbits   0x000f8d       data     extern C:\MCC18\v3_39\src\traditional\proc\p18F4520.asm
                   LVDCON   0x000fd2       data     extern C:\MCC18\v3_39\src\traditional\proc\p18F4520.asm
               LVDCONbits   0x000fd2       data     extern C:\MCC18\v3_39\src\traditional\proc\p18F4520.asm
                   OSCCON   0x000fd3       data     extern C:\MCC18\v3_39\src\traditional\proc\p18F4520.asm
               OSCCONbits   0x000fd3       data     extern C:\MCC18\v3_39\src\traditional\proc\p18F4520.asm
                  OSCTUNE   0x000f9b       data     extern C:\MCC18\v3_39\src\traditional\proc\p18F4520.asm
              OSCTUNEbits   0x000f9b       data     extern C:\MCC18\v3_39\src\traditional\proc\p18F4520.asm
                       PC   0x000ff9       data     extern C:\MCC18\v3_39\src\traditional\proc\p18F4520.asm
                      PCL   0x000ff9       data     extern C:\MCC18\v3_39\src\traditional\proc\p18F4520.asm
                   PCLATH   0x000ffa       data     extern C:\MCC18\v3_39\src\traditional\proc\p18F4520.asm
                   PCLATU   0x000ffb       data     extern C:\MCC18\v3_39\src\traditional\proc\p18F4520.asm
                     PIE1   0x000f9d       data     extern C:\MCC18\v3_39\src\traditional\proc\p18F4520.asm
                 PIE1bits   0x000f9d       data     extern C:\MCC18\v3_39\src\traditional\proc\p18F4520.asm
                     PIE2   0x000fa0       data     extern C:\MCC18\v3_39\src\traditional\proc\p18F4520.asm
                 PIE2bits   0x000fa0       data     extern C:\MCC18\v3_39\src\traditional\proc\p18F4520.asm
                     PIR1   0x000f9e       data     extern C:\MCC18\v3_39\src\traditional\proc\p18F4520.asm
                 PIR1bits   0x000f9e       data     extern C:\MCC18\v3_39\src\traditional\proc\p18F4520.asm
                     PIR2   0x000fa1       data     extern C:\MCC18\v3_39\src\traditional\proc\p18F4520.asm
                 PIR2bits   0x000fa1       data     extern C:\MCC18\v3_39\src\traditional\proc\p18F4520.asm
                   PLUSW0   0x000feb       data     extern C:\MCC18\v3_39\src\traditional\proc\p18F4520.asm
                   PLUSW1   0x000fe3       data     extern C:\MCC18\v3_39\src\traditional\proc\p18F4520.asm
                   PLUSW2   0x000fdb       data     extern C:\MCC18\v3_39\src\traditional\proc\p18F4520.asm
                    PORTA   0x000f80       data     extern C:\MCC18\v3_39\src\traditional\proc\p18F4520.asm
                PORTAbits   0x000f80       data     extern C:\MCC18\v3_39\src\traditional\proc\p18F4520.asm
                    PORTB   0x000f81       data     extern C:\MCC18\v3_39\src\traditional\proc\p18F4520.asm
                PORTBbits   0x000f81       data     extern C:\MCC18\v3_39\src\traditional\proc\p18F4520.asm
                    PORTC   0x000f82       data     extern C:\MCC18\v3_39\src\traditional\proc\p18F4520.asm
                PORTCbits   0x000f82       data     extern C:\MCC18\v3_39\src\traditional\proc\p18F4520.asm
                    PORTD   0x000f83       data     extern C:\MCC18\v3_39\src\traditional\proc\p18F4520.asm
                PORTDbits   0x000f83       data     extern C:\MCC18\v3_39\src\traditional\proc\p18F4520.asm
                    PORTE   0x000f84       data     extern C:\MCC18\v3_39\src\traditional\proc\p18F4520.asm
                PORTEbits   0x000f84       data     extern C:\MCC18\v3_39\src\traditional\proc\p18F4520.asm
                 POSTDEC0   0x000fed       data     extern C:\MCC18\v3_39\src\traditional\proc\p18F4520.asm
                 POSTDEC1   0x000fe5       data     extern C:\MCC18\v3_39\src\traditional\proc\p18F4520.asm
                 POSTDEC2   0x000fdd       data     extern C:\MCC18\v3_39\src\traditional\proc\p18F4520.asm
                 POSTINC0   0x000fee       data     extern C:\MCC18\v3_39\src\traditional\proc\p18F4520.asm
                 POSTINC1   0x000fe6       data     extern C:\MCC18\v3_39\src\traditional\proc\p18F4520.asm
                 POSTINC2   0x000fde       data     extern C:\MCC18\v3_39\src\traditional\proc\p18F4520.asm
                      PR2   0x000fcb       data     extern C:\MCC18\v3_39\src\traditional\proc\p18F4520.asm
                  PREINC0   0x000fec       data     extern C:\MCC18\v3_39\src\traditional\proc\p18F4520.asm
                  PREINC1   0x000fe4       data     extern C:\MCC18\v3_39\src\traditional\proc\p18F4520.asm
                  PREINC2   0x000fdc       data     extern C:\MCC18\v3_39\src\traditional\proc\p18F4520.asm
                     PROD   0x000ff3       data     extern C:\MCC18\v3_39\src\traditional\proc\p18F4520.asm
                    PRODH   0x000ff4       data     extern C:\MCC18\v3_39\src\traditional\proc\p18F4520.asm
                    PRODL   0x000ff3       data     extern C:\MCC18\v3_39\src\traditional\proc\p18F4520.asm
                  PWM1CON   0x000fb7       data     extern C:\MCC18\v3_39\src\traditional\proc\p18F4520.asm
              PWM1CONbits   0x000fb7       data     extern C:\MCC18\v3_39\src\traditional\proc\p18F4520.asm
                     RCON   0x000fd0       data     extern C:\MCC18\v3_39\src\traditional\proc\p18F4520.asm
                 RCONbits   0x000fd0       data     extern C:\MCC18\v3_39\src\traditional\proc\p18F4520.asm
                    RCREG   0x000fae       data     extern C:\MCC18\v3_39\src\traditional\proc\p18F4520.asm
                    RCSTA   0x000fab       data     extern C:\MCC18\v3_39\src\traditional\proc\p18F4520.asm
                RCSTAbits   0x000fab       data     extern C:\MCC18\v3_39\src\traditional\proc\p18F4520.asm
                     SIGN   0x000000       data     extern C:\MCC18\v3_39\src\traditional\math\cmath18.asm
                    SPBRG   0x000faf       data     extern C:\MCC18\v3_39\src\traditional\proc\p18F4520.asm
                   SPBRGH   0x000fb0       data     extern C:\MCC18\v3_39\src\traditional\proc\p18F4520.asm
                   SSPADD   0x000fc8       data     extern C:\MCC18\v3_39\src\traditional\proc\p18F4520.asm
                   SSPBUF   0x000fc9       data     extern C:\MCC18\v3_39\src\traditional\proc\p18F4520.asm
                  SSPCON1   0x000fc6       data     extern C:\MCC18\v3_39\src\traditional\proc\p18F4520.asm
              SSPCON1bits   0x000fc6       data     extern C:\MCC18\v3_39\src\traditional\proc\p18F4520.asm
                  SSPCON2   0x000fc5       data     extern C:\MCC18\v3_39\src\traditional\proc\p18F4520.asm
              SSPCON2bits   0x000fc5       data     extern C:\MCC18\v3_39\src\traditional\proc\p18F4520.asm
                  SSPSTAT   0x000fc7       data     extern C:\MCC18\v3_39\src\traditional\proc\p18F4520.asm
              SSPSTATbits   0x000fc7       data     extern C:\MCC18\v3_39\src\traditional\proc\p18F4520.asm
                   STATUS   0x000fd8       data     extern C:\MCC18\v3_39\src\traditional\proc\p18F4520.asm
               STATUSbits   0x000fd8       data     extern C:\MCC18\v3_39\src\traditional\proc\p18F4520.asm
                   STKPTR   0x000ffc       data     extern C:\MCC18\v3_39\src\traditional\proc\p18F4520.asm
               STKPTRbits   0x000ffc       data     extern C:\MCC18\v3_39\src\traditional\proc\p18F4520.asm
                    T0CON   0x000fd5       data     extern C:\MCC18\v3_39\src\traditional\proc\p18F4520.asm
                T0CONbits   0x000fd5       data     extern C:\MCC18\v3_39\src\traditional\proc\p18F4520.asm
                    T1CON   0x000fcd       data     extern C:\MCC18\v3_39\src\traditional\proc\p18F4520.asm
                T1CONbits   0x000fcd       data     extern C:\MCC18\v3_39\src\traditional\proc\p18F4520.asm
                    T2CON   0x000fca       data     extern C:\MCC18\v3_39\src\traditional\proc\p18F4520.asm
                T2CONbits   0x000fca       data     extern C:\MCC18\v3_39\src\traditional\proc\p18F4520.asm
                    T3CON   0x000fb1       data     extern C:\MCC18\v3_39\src\traditional\proc\p18F4520.asm
                T3CONbits   0x000fb1       data     extern C:\MCC18\v3_39\src\traditional\proc\p18F4520.asm
                   TABLAT   0x000ff5       data     extern C:\MCC18\v3_39\src\traditional\proc\p18F4520.asm
                   TBLPTR   0x000ff6       data     extern C:\MCC18\v3_39\src\traditional\proc\p18F4520.asm
                  TBLPTRH   0x000ff7       data     extern C:\MCC18\v3_39\src\traditional\proc\p18F4520.asm
                  TBLPTRL   0x000ff6       data     extern C:\MCC18\v3_39\src\traditional\proc\p18F4520.asm
                  TBLPTRU   0x000ff8       data     extern C:\MCC18\v3_39\src\traditional\proc\p18F4520.asm
                    TMR0H   0x000fd7       data     extern C:\MCC18\v3_39\src\traditional\proc\p18F4520.asm
                    TMR0L   0x000fd6       data     extern C:\MCC18\v3_39\src\traditional\proc\p18F4520.asm
                    TMR1H   0x000fcf       data     extern C:\MCC18\v3_39\src\traditional\proc\p18F4520.asm
                    TMR1L   0x000fce       data     extern C:\MCC18\v3_39\src\traditional\proc\p18F4520.asm
                     TMR2   0x000fcc       data     extern C:\MCC18\v3_39\src\traditional\proc\p18F4520.asm
                    TMR3H   0x000fb3       data     extern C:\MCC18\v3_39\src\traditional\proc\p18F4520.asm
                    TMR3L   0x000fb2       data     extern C:\MCC18\v3_39\src\traditional\proc\p18F4520.asm
                      TOS   0x000ffd       data     extern C:\MCC18\v3_39\src\traditional\proc\p18F4520.asm
                     TOSH   0x000ffe       data     extern C:\MCC18\v3_39\src\traditional\proc\p18F4520.asm
                     TOSL   0x000ffd       data     extern C:\MCC18\v3_39\src\traditional\proc\p18F4520.asm
                     TOSU   0x000fff       data     extern C:\MCC18\v3_39\src\traditional\proc\p18F4520.asm
                    TRISA   0x000f92       data     extern C:\MCC18\v3_39\src\traditional\proc\p18F4520.asm
                TRISAbits   0x000f92       data     extern C:\MCC18\v3_39\src\traditional\proc\p18F4520.asm
                    TRISB   0x000f93       data     extern C:\MCC18\v3_39\src\traditional\proc\p18F4520.asm
                TRISBbits   0x000f93       data     extern C:\MCC18\v3_39\src\traditional\proc\p18F4520.asm
                    TRISC   0x000f94       data     extern C:\MCC18\v3_39\src\traditional\proc\p18F4520.asm
                TRISCbits   0x000f94       data     extern C:\MCC18\v3_39\src\traditional\proc\p18F4520.asm
                    TRISD   0x000f95       data     extern C:\MCC18\v3_39\src\traditional\proc\p18F4520.asm
                TRISDbits   0x000f95       data     extern C:\MCC18\v3_39\src\traditional\proc\p18F4520.asm
                    TRISE   0x000f96       data     extern C:\MCC18\v3_39\src\traditional\proc\p18F4520.asm
                TRISEbits   0x000f96       data     extern C:\MCC18\v3_39\src\traditional\proc\p18F4520.asm
                    TXREG   0x000fad       data     extern C:\MCC18\v3_39\src\traditional\proc\p18F4520.asm
                    TXSTA   0x000fac       data     extern C:\MCC18\v3_39\src\traditional\proc\p18F4520.asm
                TXSTAbits   0x000fac       data     extern C:\MCC18\v3_39\src\traditional\proc\p18F4520.asm
                        W   0x000fe8       data     extern C:\MCC18\v3_39\src\traditional\proc\p18F4520.asm
                   WDTCON   0x000fd1       data     extern C:\MCC18\v3_39\src\traditional\proc\p18F4520.asm
               WDTCONbits   0x000fd1       data     extern C:\MCC18\v3_39\src\traditional\proc\p18F4520.asm
                     WREG   0x000fe8       data     extern C:\MCC18\v3_39\src\traditional\proc\p18F4520.asm
                 __AARGB0   0x000009       data     extern C:\MCC18\v3_39\src\traditional\math\aarg.asm
                 __AARGB1   0x000008       data     extern C:\MCC18\v3_39\src\traditional\math\aarg.asm
                 __AARGB2   0x000007       data     extern C:\MCC18\v3_39\src\traditional\math\aarg.asm
                 __AARGB3   0x000006       data     extern C:\MCC18\v3_39\src\traditional\math\aarg.asm
                 __AARGB4   0x000005       data     extern C:\MCC18\v3_39\src\traditional\math\aarg.asm
                 __AARGB5   0x000004       data     extern C:\MCC18\v3_39\src\traditional\math\aarg.asm
                 __AARGB6   0x000003       data     extern C:\MCC18\v3_39\src\traditional\math\aarg.asm
                 __AARGB7   0x000002       data     extern C:\MCC18\v3_39\src\traditional\math\aarg.asm
                   __AEXP   0x00000a       data     extern C:\MCC18\v3_39\src\traditional\math\aarg.asm
                 __BARGB0   0x00000e       data     extern C:\MCC18\v3_39\src\traditional\math\barg.asm
                 __BARGB1   0x00000d       data     extern C:\MCC18\v3_39\src\traditional\math\barg.asm
                 __BARGB2   0x00000c       data     extern C:\MCC18\v3_39\src\traditional\math\barg.asm
                 __BARGB3   0x00000b       data     extern C:\MCC18\v3_39\src\traditional\math\barg.asm
                   __BEXP   0x00000f       data     extern C:\MCC18\v3_39\src\traditional\math\barg.asm
                __FPFLAGS   0x000001       data     extern C:\MCC18\v3_39\src\traditional\math\cmath18.asm
            __FPFLAGSbits   0x000001       data     extern C:\MCC18\v3_39\src\traditional\math\cmath18.asm
                  __REMB0   0x000005       data     extern C:\MCC18\v3_39\src\traditional\math\aarg.asm
                  __REMB1   0x000004       data     extern C:\MCC18\v3_39\src\traditional\math\aarg.asm
                  __REMB2   0x000003       data     extern C:\MCC18\v3_39\src\traditional\math\aarg.asm
                  __REMB3   0x000002       data     extern C:\MCC18\v3_39\src\traditional\math\aarg.asm
                   __TEMP   0x000013       data     extern C:\MCC18\v3_39\src\traditional\math\temparg.asm
                 __TEMPB0   0x000013       data     extern C:\MCC18\v3_39\src\traditional\math\temparg.asm
                 __TEMPB1   0x000012       data     extern C:\MCC18\v3_39\src\traditional\math\temparg.asm
                 __TEMPB2   0x000011       data     extern C:\MCC18\v3_39\src\traditional\math\temparg.asm
                 __TEMPB3   0x000010       data     extern C:\MCC18\v3_39\src\traditional\math\temparg.asm
                  __tmp_0   0x000014       data     static C:\MCC18\v3_39\src\traditional\stdclib\putc.c
                  __tmp_0   0x000014       data     static C:\MCC18\v3_39\src\traditional\stdclib\vfprintf.c
                  __tmp_0   0x000014       data     static C:\MCC18\v3_39\src\traditional\stdclib\sprintf.c
                  __tmp_0   0x000014       data     static G:\lcd\lcd.c             
                  __tmp_0   0x000014       data     static G:\lcd\lcd_test.c        
                    count   0x00008b       data     static G:\lcd\lcd_test.c        
                curr_byte   0x000083       data     static C:\MCC18\v3_39\src\traditional\startup\c018i.c
               curr_entry   0x000085       data     static C:\MCC18\v3_39\src\traditional\startup\c018i.c
                 data_ptr   0x000087       data     static C:\MCC18\v3_39\src\traditional\startup\c018i.c
                     prom   0x000080       data     static C:\MCC18\v3_39\src\traditional\startup\c018i.c
                  secFlag   0x00008a       data     extern G:\lcd\lcd_test.c        



                              Symbols - Sorted by Address
                     Name    Address   Location    Storage File                     
                ---------  ---------  ---------  --------- ---------                
                   _entry   0x000000    program     extern C:\MCC18\v3_39\src\traditional\startup\c018i.c
       ___return_lbl00000   0x000004    program     static                          
               _user_putc   0x000006    program     extern C:\MCC18\v3_39\src\traditional\stdclib\_user_putc.c
              high_vector   0x000008    program     extern G:\lcd\lcd_test.c        
       ___return_lbl00000   0x00000c    program     static                          
            s_put_n_chars   0x00001c    program     static C:\MCC18\v3_39\src\traditional\stdclib\vfprintf.c
                 vfprintf   0x000048    program     extern C:\MCC18\v3_39\src\traditional\stdclib\vfprintf.c
              __tmplbl_85   0x000072    program     static                          
              __tmplbl_44   0x000920    program     static                          
              __tmplbl_43   0x00093a    program     static                          
                   __pa_0   0x00095c    program     static C:\MCC18\v3_39\src\traditional\stdclib\vfprintf.c
                   __pa_1   0x000964    program     static C:\MCC18\v3_39\src\traditional\stdclib\vfprintf.c
                   __pa_2   0x00096e    program     static C:\MCC18\v3_39\src\traditional\stdclib\vfprintf.c
                   __pa_3   0x000978    program     static C:\MCC18\v3_39\src\traditional\stdclib\vfprintf.c
                   __pa_4   0x000990    program     static C:\MCC18\v3_39\src\traditional\stdclib\vfprintf.c
                   __pa_5   0x0009a4    program     static C:\MCC18\v3_39\src\traditional\stdclib\vfprintf.c
                   __pa_6   0x0009c0    program     static C:\MCC18\v3_39\src\traditional\stdclib\vfprintf.c
                   __pa_7   0x0009ca    program     static C:\MCC18\v3_39\src\traditional\stdclib\vfprintf.c
                   __pa_8   0x0009d6    program     static C:\MCC18\v3_39\src\traditional\stdclib\vfprintf.c
                   __pa_9   0x0009f8    program     static C:\MCC18\v3_39\src\traditional\stdclib\vfprintf.c
                  __pa_10   0x000a18    program     static C:\MCC18\v3_39\src\traditional\stdclib\vfprintf.c
                  __pa_11   0x000a26    program     static C:\MCC18\v3_39\src\traditional\stdclib\vfprintf.c
                  __pa_12   0x000a3c    program     static C:\MCC18\v3_39\src\traditional\stdclib\vfprintf.c
                  __pa_13   0x000a56    program     static C:\MCC18\v3_39\src\traditional\stdclib\vfprintf.c
                  __pa_14   0x000a6e    program     static C:\MCC18\v3_39\src\traditional\stdclib\vfprintf.c
                  __pa_15   0x000a7e    program     static C:\MCC18\v3_39\src\traditional\stdclib\vfprintf.c
                  __pa_16   0x000a94    program     static C:\MCC18\v3_39\src\traditional\stdclib\vfprintf.c
                  __pa_17   0x000aa6    program     static C:\MCC18\v3_39\src\traditional\stdclib\vfprintf.c
                  __pa_18   0x000ab8    program     static C:\MCC18\v3_39\src\traditional\stdclib\vfprintf.c
                  __pa_19   0x000ac2    program     static C:\MCC18\v3_39\src\traditional\stdclib\vfprintf.c
                  __pa_20   0x000ad2    program     static C:\MCC18\v3_39\src\traditional\stdclib\vfprintf.c
                  __pa_21   0x000ae2    program     static C:\MCC18\v3_39\src\traditional\stdclib\vfprintf.c
              __tmplbl_42   0x000af2    program     static                          
                  __pa_22   0x000af2    program     static C:\MCC18\v3_39\src\traditional\stdclib\vfprintf.c
                  __pa_23   0x000afe    program     static C:\MCC18\v3_39\src\traditional\stdclib\vfprintf.c
                  __pa_24   0x000b0c    program     static C:\MCC18\v3_39\src\traditional\stdclib\vfprintf.c
                  __pa_25   0x000b14    program     static C:\MCC18\v3_39\src\traditional\stdclib\vfprintf.c
                  __pa_26   0x000b1e    program     static C:\MCC18\v3_39\src\traditional\stdclib\vfprintf.c
                  __pa_27   0x000b28    program     static C:\MCC18\v3_39\src\traditional\stdclib\vfprintf.c
                  __pa_28   0x000b30    program     static C:\MCC18\v3_39\src\traditional\stdclib\vfprintf.c
                  __pa_29   0x000b3e    program     static C:\MCC18\v3_39\src\traditional\stdclib\vfprintf.c
                  __pa_30   0x000b5a    program     static C:\MCC18\v3_39\src\traditional\stdclib\vfprintf.c
                  __pa_31   0x000b74    program     static C:\MCC18\v3_39\src\traditional\stdclib\vfprintf.c
                  __pa_32   0x000b8e    program     static C:\MCC18\v3_39\src\traditional\stdclib\vfprintf.c
                  __pa_33   0x000ba6    program     static C:\MCC18\v3_39\src\traditional\stdclib\vfprintf.c
                  __pa_34   0x000bb0    program     static C:\MCC18\v3_39\src\traditional\stdclib\vfprintf.c
                  __pa_35   0x000bbe    program     static C:\MCC18\v3_39\src\traditional\stdclib\vfprintf.c
                  __pa_36   0x000bc6    program     static C:\MCC18\v3_39\src\traditional\stdclib\vfprintf.c
                  __pa_37   0x000bd0    program     static C:\MCC18\v3_39\src\traditional\stdclib\vfprintf.c
                  __pa_38   0x000be0    program     static C:\MCC18\v3_39\src\traditional\stdclib\vfprintf.c
                  __pa_39   0x000bee    program     static C:\MCC18\v3_39\src\traditional\stdclib\vfprintf.c
                  __pa_40   0x000bfa    program     static C:\MCC18\v3_39\src\traditional\stdclib\vfprintf.c
                  __pa_41   0x000c06    program     static C:\MCC18\v3_39\src\traditional\stdclib\vfprintf.c
                  __pa_42   0x000c0e    program     static C:\MCC18\v3_39\src\traditional\stdclib\vfprintf.c
                  __pa_43   0x000c18    program     static C:\MCC18\v3_39\src\traditional\stdclib\vfprintf.c
                  __pa_44   0x000c1e    program     static C:\MCC18\v3_39\src\traditional\stdclib\vfprintf.c
                  __pa_45   0x000c28    program     static C:\MCC18\v3_39\src\traditional\stdclib\vfprintf.c
                  __pa_46   0x000c34    program     static C:\MCC18\v3_39\src\traditional\stdclib\vfprintf.c
                 Delay_ms   0x000c3e    program     extern G:\lcd\lcd.c             
              DisplayRead   0x000ca0    program     extern G:\lcd\lcd.c             
             DisplayWrite   0x000cee    program     extern G:\lcd\lcd.c             
         ___else_lbl00009   0x000d0a    program     static                          
           ___if_lbl00008   0x000d0c    program     static                          
       ___return_lbl00007   0x000d3e    program     static                          
                 busy_lcd   0x000d46    program     extern G:\lcd\lcd.c             
                 LCD_Init   0x000d68    program     extern G:\lcd\lcd.c             
               LCD_gotoxy   0x000e22    program     extern G:\lcd\lcd.c             
               LCD_string   0x000e78    program     extern G:\lcd\lcd.c             
            LCD_string_xy   0x000ebe    program     extern G:\lcd\lcd.c             
                 LCD_putc   0x000ef2    program     extern G:\lcd\lcd.c             
            LCD_Cursor_ON   0x000f14    program     extern G:\lcd\lcd.c             
           LCD_Cursor_OFF   0x000f22    program     extern G:\lcd\lcd.c             
                LCD_clear   0x000f30    program     extern G:\lcd\lcd.c             
                 HIGH_ISR   0x000f3e    program     extern G:\lcd\lcd_test.c        
                     main   0x001006    program     extern G:\lcd\lcd_test.c        
                  sprintf   0x001228    program     extern C:\MCC18\v3_39\src\traditional\stdclib\sprintf.c
                _do_cinit   0x0012d4    program     extern C:\MCC18\v3_39\src\traditional\startup\c018i.c
                     test   0x0012ee    program     static                          
                copy_loop   0x001346    program     static                          
            copy_one_byte   0x00134c    program     static                          
             done_copying   0x00135a    program     static                          
       ___return_lbl00002   0x001370    program     static                          
                     done   0x001370    program     static                          
                     putc   0x001372    program     extern C:\MCC18\v3_39\src\traditional\stdclib\putc.c
                  FXM3232   0x0013f6    program     extern C:\MCC18\v3_39\src\traditional\math\fxm3232.c
       ___return_lbl00000   0x001464    program     static                          
                   strlen   0x001466    program     extern C:\MCC18\v3_39\src\traditional\stdclib\strlen.asm
                    jLoop   0x001476    program     static C:\MCC18\v3_39\src\traditional\stdclib\strlen.asm
                     jEnd   0x001480    program     static C:\MCC18\v3_39\src\traditional\stdclib\strlen.asm
                strlenpgm   0x001482    program     extern C:\MCC18\v3_39\src\traditional\stdclib\slenpgm.asm
                    jLoop   0x0014a0    program     static C:\MCC18\v3_39\src\traditional\stdclib\slenpgm.asm
                   _2jEnd   0x0014b6    program     static C:\MCC18\v3_39\src\traditional\stdclib\slenpgm.asm
                     jEnd   0x0014b8    program     static C:\MCC18\v3_39\src\traditional\stdclib\slenpgm.asm
                 FXM1616S   0x0014cc    program     extern C:\MCC18\v3_39\src\traditional\math\fxm1616s.asm
               TSIGN1616A   0x001518    program     static C:\MCC18\v3_39\src\traditional\math\fxm1616s.asm
                 FXD3232U   0x001526    program     extern C:\MCC18\v3_39\src\traditional\math\fxd3232u.c
                     loop   0x001534    program     static                          
                   _false   0x001568    program     static                          
       ___return_lbl00000   0x00156c    program     static                          
              WriteTimer0   0x00156e    program     extern C:\MCC18\v3_39\src\pmc_common\Timers\t0write.c
               OpenTimer0   0x0015a6    program     extern C:\MCC18\v3_39\src\pmc_common\Timers\t0open.c
                  isdigit   0x0015de    program     extern C:\MCC18\v3_39\src\traditional\stdclib\isdigit.asm
                   jMatch   0x0015fe    program     static C:\MCC18\v3_39\src\traditional\stdclib\isdigit.asm
                 jNoMatch   0x001600    program     static C:\MCC18\v3_39\src\traditional\stdclib\isdigit.asm
               __string_3   0x001602    program     static G:\lcd\lcd_test.c        
               __string_2   0x001611    program     static G:\lcd\lcd_test.c        
               __string_1   0x00161a    program     static G:\lcd\lcd_test.c        
              Delay1KTCYx   0x001624    program     extern C:\MCC18\v3_39\src\traditional\delays\d1ktcyx.asm
                     D1Kx   0x00162e    program     static C:\MCC18\v3_39\src\traditional\delays\d1ktcyx.asm
                    D1K_1   0x001630    program     static C:\MCC18\v3_39\src\traditional\delays\d1ktcyx.asm
        _D1KTCYXCODE_0010   0x001634    program     static C:\MCC18\v3_39\src\traditional\delays\d1ktcyx.asm
        _D1KTCYXCODE_0016   0x00163a    program     static C:\MCC18\v3_39\src\traditional\delays\d1ktcyx.asm
            __zero_memory   0x001644    program     extern C:\MCC18\v3_39\src\traditional\proc\p18F4520.asm
                   loop_h   0x001652    program     static C:\MCC18\v3_39\src\traditional\proc\p18F4520.asm
               zero_block   0x001652    program     static C:\MCC18\v3_39\src\traditional\proc\p18F4520.asm
                compare_l   0x00165a    program     static C:\MCC18\v3_39\src\traditional\proc\p18F4520.asm
                   loop_l   0x00165c    program     static C:\MCC18\v3_39\src\traditional\proc\p18F4520.asm
                 _startup   0x001664    program     extern C:\MCC18\v3_39\src\traditional\startup\c018i.c
                     loop   0x001674    program     static                          
       ___return_lbl00001   0x00167e    program     static                          
              _usart_putc   0x001680    program     extern C:\MCC18\v3_39\src\pmc_common\USART\_usartpc.asm
                     loop   0x001690    program     static C:\MCC18\v3_39\src\pmc_common\USART\_usartpc.asm
             Delay100TCYx   0x00169c    program     extern C:\MCC18\v3_39\src\traditional\delays\d100tcyx.asm
       _D100TCYXCODE_0008   0x0016a4    program     static C:\MCC18\v3_39\src\traditional\delays\d100tcyx.asm
                    D100x   0x0016a8    program     static C:\MCC18\v3_39\src\traditional\delays\d100tcyx.asm
                   D100_1   0x0016aa    program     static C:\MCC18\v3_39\src\traditional\delays\d100tcyx.asm
       _D100TCYXCODE_0012   0x0016ae    program     static C:\MCC18\v3_39\src\traditional\delays\d100tcyx.asm
       _D100TCYXCODE_0018   0x0016b4    program     static C:\MCC18\v3_39\src\traditional\delays\d100tcyx.asm
                 s_digits   0x0016b8    program     static C:\MCC18\v3_39\src\traditional\stdclib\vfprintf.c
                   __init   0x0016ca    program     extern C:\MCC18\v3_39\src\traditional\stdclib\__init.c
               __config_0   0x300001    program     static G:\lcd\lcd_test.c        
               __config_1   0x300002    program     static G:\lcd\lcd_test.c        
               __config_2   0x300003    program     static G:\lcd\lcd_test.c        
               __config_3   0x300005    program     static G:\lcd\lcd_test.c        
               __config_4   0x300006    program     static G:\lcd\lcd_test.c        
                     SIGN   0x000000       data     extern C:\MCC18\v3_39\src\traditional\math\cmath18.asm
                __FPFLAGS   0x000001       data     extern C:\MCC18\v3_39\src\traditional\math\cmath18.asm
            __FPFLAGSbits   0x000001       data     extern C:\MCC18\v3_39\src\traditional\math\cmath18.asm
                 __AARGB7   0x000002       data     extern C:\MCC18\v3_39\src\traditional\math\aarg.asm
                  __REMB3   0x000002       data     extern C:\MCC18\v3_39\src\traditional\math\aarg.asm
                 __AARGB6   0x000003       data     extern C:\MCC18\v3_39\src\traditional\math\aarg.asm
                  __REMB2   0x000003       data     extern C:\MCC18\v3_39\src\traditional\math\aarg.asm
                 __AARGB5   0x000004       data     extern C:\MCC18\v3_39\src\traditional\math\aarg.asm
                  __REMB1   0x000004       data     extern C:\MCC18\v3_39\src\traditional\math\aarg.asm
                 __AARGB4   0x000005       data     extern C:\MCC18\v3_39\src\traditional\math\aarg.asm
                  __REMB0   0x000005       data     extern C:\MCC18\v3_39\src\traditional\math\aarg.asm
                 __AARGB3   0x000006       data     extern C:\MCC18\v3_39\src\traditional\math\aarg.asm
                 __AARGB2   0x000007       data     extern C:\MCC18\v3_39\src\traditional\math\aarg.asm
                 __AARGB1   0x000008       data     extern C:\MCC18\v3_39\src\traditional\math\aarg.asm
                 __AARGB0   0x000009       data     extern C:\MCC18\v3_39\src\traditional\math\aarg.asm
                   __AEXP   0x00000a       data     extern C:\MCC18\v3_39\src\traditional\math\aarg.asm
                 __BARGB3   0x00000b       data     extern C:\MCC18\v3_39\src\traditional\math\barg.asm
                 __BARGB2   0x00000c       data     extern C:\MCC18\v3_39\src\traditional\math\barg.asm
                 __BARGB1   0x00000d       data     extern C:\MCC18\v3_39\src\traditional\math\barg.asm
                 __BARGB0   0x00000e       data     extern C:\MCC18\v3_39\src\traditional\math\barg.asm
                   __BEXP   0x00000f       data     extern C:\MCC18\v3_39\src\traditional\math\barg.asm
                 __TEMPB3   0x000010       data     extern C:\MCC18\v3_39\src\traditional\math\temparg.asm
                 __TEMPB2   0x000011       data     extern C:\MCC18\v3_39\src\traditional\math\temparg.asm
                 __TEMPB1   0x000012       data     extern C:\MCC18\v3_39\src\traditional\math\temparg.asm
                 __TEMPB0   0x000013       data     extern C:\MCC18\v3_39\src\traditional\math\temparg.asm
                   __TEMP   0x000013       data     extern C:\MCC18\v3_39\src\traditional\math\temparg.asm
                  __tmp_0   0x000014       data     static C:\MCC18\v3_39\src\traditional\stdclib\vfprintf.c
                  __tmp_0   0x000014       data     static C:\MCC18\v3_39\src\traditional\stdclib\putc.c
                  __tmp_0   0x000014       data     static C:\MCC18\v3_39\src\traditional\stdclib\sprintf.c
                  __tmp_0   0x000014       data     static G:\lcd\lcd.c             
                  __tmp_0   0x000014       data     static G:\lcd\lcd_test.c        
            DelayCounter1   0x00001e       data     extern C:\MCC18\v3_39\src\traditional\delays\delayd1.asm
                     prom   0x000080       data     static C:\MCC18\v3_39\src\traditional\startup\c018i.c
                curr_byte   0x000083       data     static C:\MCC18\v3_39\src\traditional\startup\c018i.c
               curr_entry   0x000085       data     static C:\MCC18\v3_39\src\traditional\startup\c018i.c
                 data_ptr   0x000087       data     static C:\MCC18\v3_39\src\traditional\startup\c018i.c
                  secFlag   0x00008a       data     extern G:\lcd\lcd_test.c        
                    count   0x00008b       data     static G:\lcd\lcd_test.c        
                PORTAbits   0x000f80       data     extern C:\MCC18\v3_39\src\traditional\proc\p18F4520.asm
                    PORTA   0x000f80       data     extern C:\MCC18\v3_39\src\traditional\proc\p18F4520.asm
                PORTBbits   0x000f81       data     extern C:\MCC18\v3_39\src\traditional\proc\p18F4520.asm
                    PORTB   0x000f81       data     extern C:\MCC18\v3_39\src\traditional\proc\p18F4520.asm
                PORTCbits   0x000f82       data     extern C:\MCC18\v3_39\src\traditional\proc\p18F4520.asm
                    PORTC   0x000f82       data     extern C:\MCC18\v3_39\src\traditional\proc\p18F4520.asm
                PORTDbits   0x000f83       data     extern C:\MCC18\v3_39\src\traditional\proc\p18F4520.asm
                    PORTD   0x000f83       data     extern C:\MCC18\v3_39\src\traditional\proc\p18F4520.asm
                PORTEbits   0x000f84       data     extern C:\MCC18\v3_39\src\traditional\proc\p18F4520.asm
                    PORTE   0x000f84       data     extern C:\MCC18\v3_39\src\traditional\proc\p18F4520.asm
                     LATA   0x000f89       data     extern C:\MCC18\v3_39\src\traditional\proc\p18F4520.asm
                 LATAbits   0x000f89       data     extern C:\MCC18\v3_39\src\traditional\proc\p18F4520.asm
                     LATB   0x000f8a       data     extern C:\MCC18\v3_39\src\traditional\proc\p18F4520.asm
                 LATBbits   0x000f8a       data     extern C:\MCC18\v3_39\src\traditional\proc\p18F4520.asm
                     LATC   0x000f8b       data     extern C:\MCC18\v3_39\src\traditional\proc\p18F4520.asm
                 LATCbits   0x000f8b       data     extern C:\MCC18\v3_39\src\traditional\proc\p18F4520.asm
                 LATDbits   0x000f8c       data     extern C:\MCC18\v3_39\src\traditional\proc\p18F4520.asm
                     LATD   0x000f8c       data     extern C:\MCC18\v3_39\src\traditional\proc\p18F4520.asm
                     LATE   0x000f8d       data     extern C:\MCC18\v3_39\src\traditional\proc\p18F4520.asm
                 LATEbits   0x000f8d       data     extern C:\MCC18\v3_39\src\traditional\proc\p18F4520.asm
                 DDRAbits   0x000f92       data     extern C:\MCC18\v3_39\src\traditional\proc\p18F4520.asm
                     DDRA   0x000f92       data     extern C:\MCC18\v3_39\src\traditional\proc\p18F4520.asm
                    TRISA   0x000f92       data     extern C:\MCC18\v3_39\src\traditional\proc\p18F4520.asm
                TRISAbits   0x000f92       data     extern C:\MCC18\v3_39\src\traditional\proc\p18F4520.asm
                 DDRBbits   0x000f93       data     extern C:\MCC18\v3_39\src\traditional\proc\p18F4520.asm
                     DDRB   0x000f93       data     extern C:\MCC18\v3_39\src\traditional\proc\p18F4520.asm
                    TRISB   0x000f93       data     extern C:\MCC18\v3_39\src\traditional\proc\p18F4520.asm
                TRISBbits   0x000f93       data     extern C:\MCC18\v3_39\src\traditional\proc\p18F4520.asm
                    TRISC   0x000f94       data     extern C:\MCC18\v3_39\src\traditional\proc\p18F4520.asm
                TRISCbits   0x000f94       data     extern C:\MCC18\v3_39\src\traditional\proc\p18F4520.asm
                     DDRC   0x000f94       data     extern C:\MCC18\v3_39\src\traditional\proc\p18F4520.asm
                 DDRCbits   0x000f94       data     extern C:\MCC18\v3_39\src\traditional\proc\p18F4520.asm
                    TRISD   0x000f95       data     extern C:\MCC18\v3_39\src\traditional\proc\p18F4520.asm
                TRISDbits   0x000f95       data     extern C:\MCC18\v3_39\src\traditional\proc\p18F4520.asm
                     DDRD   0x000f95       data     extern C:\MCC18\v3_39\src\traditional\proc\p18F4520.asm
                 DDRDbits   0x000f95       data     extern C:\MCC18\v3_39\src\traditional\proc\p18F4520.asm
                 DDREbits   0x000f96       data     extern C:\MCC18\v3_39\src\traditional\proc\p18F4520.asm
                TRISEbits   0x000f96       data     extern C:\MCC18\v3_39\src\traditional\proc\p18F4520.asm
                    TRISE   0x000f96       data     extern C:\MCC18\v3_39\src\traditional\proc\p18F4520.asm
                     DDRE   0x000f96       data     extern C:\MCC18\v3_39\src\traditional\proc\p18F4520.asm
              OSCTUNEbits   0x000f9b       data     extern C:\MCC18\v3_39\src\traditional\proc\p18F4520.asm
                  OSCTUNE   0x000f9b       data     extern C:\MCC18\v3_39\src\traditional\proc\p18F4520.asm
                 PIE1bits   0x000f9d       data     extern C:\MCC18\v3_39\src\traditional\proc\p18F4520.asm
                     PIE1   0x000f9d       data     extern C:\MCC18\v3_39\src\traditional\proc\p18F4520.asm
                 PIR1bits   0x000f9e       data     extern C:\MCC18\v3_39\src\traditional\proc\p18F4520.asm
                     PIR1   0x000f9e       data     extern C:\MCC18\v3_39\src\traditional\proc\p18F4520.asm
                 IPR1bits   0x000f9f       data     extern C:\MCC18\v3_39\src\traditional\proc\p18F4520.asm
                     IPR1   0x000f9f       data     extern C:\MCC18\v3_39\src\traditional\proc\p18F4520.asm
                 PIE2bits   0x000fa0       data     extern C:\MCC18\v3_39\src\traditional\proc\p18F4520.asm
                     PIE2   0x000fa0       data     extern C:\MCC18\v3_39\src\traditional\proc\p18F4520.asm
                     PIR2   0x000fa1       data     extern C:\MCC18\v3_39\src\traditional\proc\p18F4520.asm
                 PIR2bits   0x000fa1       data     extern C:\MCC18\v3_39\src\traditional\proc\p18F4520.asm
                 IPR2bits   0x000fa2       data     extern C:\MCC18\v3_39\src\traditional\proc\p18F4520.asm
                     IPR2   0x000fa2       data     extern C:\MCC18\v3_39\src\traditional\proc\p18F4520.asm
                   EECON1   0x000fa6       data     extern C:\MCC18\v3_39\src\traditional\proc\p18F4520.asm
               EECON1bits   0x000fa6       data     extern C:\MCC18\v3_39\src\traditional\proc\p18F4520.asm
                   EECON2   0x000fa7       data     extern C:\MCC18\v3_39\src\traditional\proc\p18F4520.asm
                   EEDATA   0x000fa8       data     extern C:\MCC18\v3_39\src\traditional\proc\p18F4520.asm
                    EEADR   0x000fa9       data     extern C:\MCC18\v3_39\src\traditional\proc\p18F4520.asm
                    RCSTA   0x000fab       data     extern C:\MCC18\v3_39\src\traditional\proc\p18F4520.asm
                RCSTAbits   0x000fab       data     extern C:\MCC18\v3_39\src\traditional\proc\p18F4520.asm
                    TXSTA   0x000fac       data     extern C:\MCC18\v3_39\src\traditional\proc\p18F4520.asm
                TXSTAbits   0x000fac       data     extern C:\MCC18\v3_39\src\traditional\proc\p18F4520.asm
                    TXREG   0x000fad       data     extern C:\MCC18\v3_39\src\traditional\proc\p18F4520.asm
                    RCREG   0x000fae       data     extern C:\MCC18\v3_39\src\traditional\proc\p18F4520.asm
                    SPBRG   0x000faf       data     extern C:\MCC18\v3_39\src\traditional\proc\p18F4520.asm
                   SPBRGH   0x000fb0       data     extern C:\MCC18\v3_39\src\traditional\proc\p18F4520.asm
                T3CONbits   0x000fb1       data     extern C:\MCC18\v3_39\src\traditional\proc\p18F4520.asm
                    T3CON   0x000fb1       data     extern C:\MCC18\v3_39\src\traditional\proc\p18F4520.asm
                    TMR3L   0x000fb2       data     extern C:\MCC18\v3_39\src\traditional\proc\p18F4520.asm
                    TMR3H   0x000fb3       data     extern C:\MCC18\v3_39\src\traditional\proc\p18F4520.asm
                CMCONbits   0x000fb4       data     extern C:\MCC18\v3_39\src\traditional\proc\p18F4520.asm
                    CMCON   0x000fb4       data     extern C:\MCC18\v3_39\src\traditional\proc\p18F4520.asm
                   CVRCON   0x000fb5       data     extern C:\MCC18\v3_39\src\traditional\proc\p18F4520.asm
               CVRCONbits   0x000fb5       data     extern C:\MCC18\v3_39\src\traditional\proc\p18F4520.asm
              ECCP1ASbits   0x000fb6       data     extern C:\MCC18\v3_39\src\traditional\proc\p18F4520.asm
                  ECCP1AS   0x000fb6       data     extern C:\MCC18\v3_39\src\traditional\proc\p18F4520.asm
               ECCPASbits   0x000fb6       data     extern C:\MCC18\v3_39\src\traditional\proc\p18F4520.asm
                   ECCPAS   0x000fb6       data     extern C:\MCC18\v3_39\src\traditional\proc\p18F4520.asm
              PWM1CONbits   0x000fb7       data     extern C:\MCC18\v3_39\src\traditional\proc\p18F4520.asm
                  PWM1CON   0x000fb7       data     extern C:\MCC18\v3_39\src\traditional\proc\p18F4520.asm
             ECCP1DELbits   0x000fb7       data     extern C:\MCC18\v3_39\src\traditional\proc\p18F4520.asm
                 ECCP1DEL   0x000fb7       data     extern C:\MCC18\v3_39\src\traditional\proc\p18F4520.asm
                  BAUDCON   0x000fb8       data     extern C:\MCC18\v3_39\src\traditional\proc\p18F4520.asm
              BAUDCONbits   0x000fb8       data     extern C:\MCC18\v3_39\src\traditional\proc\p18F4520.asm
                  BAUDCTL   0x000fb8       data     extern C:\MCC18\v3_39\src\traditional\proc\p18F4520.asm
              BAUDCTLbits   0x000fb8       data     extern C:\MCC18\v3_39\src\traditional\proc\p18F4520.asm
              CCP2CONbits   0x000fba       data     extern C:\MCC18\v3_39\src\traditional\proc\p18F4520.asm
                  CCP2CON   0x000fba       data     extern C:\MCC18\v3_39\src\traditional\proc\p18F4520.asm
                    CCPR2   0x000fbb       data     extern C:\MCC18\v3_39\src\traditional\proc\p18F4520.asm
                   CCPR2L   0x000fbb       data     extern C:\MCC18\v3_39\src\traditional\proc\p18F4520.asm
                   CCPR2H   0x000fbc       data     extern C:\MCC18\v3_39\src\traditional\proc\p18F4520.asm
              CCP1CONbits   0x000fbd       data     extern C:\MCC18\v3_39\src\traditional\proc\p18F4520.asm
                  CCP1CON   0x000fbd       data     extern C:\MCC18\v3_39\src\traditional\proc\p18F4520.asm
                    CCPR1   0x000fbe       data     extern C:\MCC18\v3_39\src\traditional\proc\p18F4520.asm
                   CCPR1L   0x000fbe       data     extern C:\MCC18\v3_39\src\traditional\proc\p18F4520.asm
                   CCPR1H   0x000fbf       data     extern C:\MCC18\v3_39\src\traditional\proc\p18F4520.asm
               ADCON2bits   0x000fc0       data     extern C:\MCC18\v3_39\src\traditional\proc\p18F4520.asm
                   ADCON2   0x000fc0       data     extern C:\MCC18\v3_39\src\traditional\proc\p18F4520.asm
               ADCON1bits   0x000fc1       data     extern C:\MCC18\v3_39\src\traditional\proc\p18F4520.asm
                   ADCON1   0x000fc1       data     extern C:\MCC18\v3_39\src\traditional\proc\p18F4520.asm
                   ADCON0   0x000fc2       data     extern C:\MCC18\v3_39\src\traditional\proc\p18F4520.asm
               ADCON0bits   0x000fc2       data     extern C:\MCC18\v3_39\src\traditional\proc\p18F4520.asm
                   ADRESL   0x000fc3       data     extern C:\MCC18\v3_39\src\traditional\proc\p18F4520.asm
                    ADRES   0x000fc3       data     extern C:\MCC18\v3_39\src\traditional\proc\p18F4520.asm
                   ADRESH   0x000fc4       data     extern C:\MCC18\v3_39\src\traditional\proc\p18F4520.asm
                  SSPCON2   0x000fc5       data     extern C:\MCC18\v3_39\src\traditional\proc\p18F4520.asm
              SSPCON2bits   0x000fc5       data     extern C:\MCC18\v3_39\src\traditional\proc\p18F4520.asm
                  SSPCON1   0x000fc6       data     extern C:\MCC18\v3_39\src\traditional\proc\p18F4520.asm
              SSPCON1bits   0x000fc6       data     extern C:\MCC18\v3_39\src\traditional\proc\p18F4520.asm
                  SSPSTAT   0x000fc7       data     extern C:\MCC18\v3_39\src\traditional\proc\p18F4520.asm
              SSPSTATbits   0x000fc7       data     extern C:\MCC18\v3_39\src\traditional\proc\p18F4520.asm
                   SSPADD   0x000fc8       data     extern C:\MCC18\v3_39\src\traditional\proc\p18F4520.asm
                   SSPBUF   0x000fc9       data     extern C:\MCC18\v3_39\src\traditional\proc\p18F4520.asm
                    T2CON   0x000fca       data     extern C:\MCC18\v3_39\src\traditional\proc\p18F4520.asm
                T2CONbits   0x000fca       data     extern C:\MCC18\v3_39\src\traditional\proc\p18F4520.asm
                      PR2   0x000fcb       data     extern C:\MCC18\v3_39\src\traditional\proc\p18F4520.asm
                     TMR2   0x000fcc       data     extern C:\MCC18\v3_39\src\traditional\proc\p18F4520.asm
                    T1CON   0x000fcd       data     extern C:\MCC18\v3_39\src\traditional\proc\p18F4520.asm
                T1CONbits   0x000fcd       data     extern C:\MCC18\v3_39\src\traditional\proc\p18F4520.asm
                    TMR1L   0x000fce       data     extern C:\MCC18\v3_39\src\traditional\proc\p18F4520.asm
                    TMR1H   0x000fcf       data     extern C:\MCC18\v3_39\src\traditional\proc\p18F4520.asm
                     RCON   0x000fd0       data     extern C:\MCC18\v3_39\src\traditional\proc\p18F4520.asm
                 RCONbits   0x000fd0       data     extern C:\MCC18\v3_39\src\traditional\proc\p18F4520.asm
                   WDTCON   0x000fd1       data     extern C:\MCC18\v3_39\src\traditional\proc\p18F4520.asm
               WDTCONbits   0x000fd1       data     extern C:\MCC18\v3_39\src\traditional\proc\p18F4520.asm
                  HLVDCON   0x000fd2       data     extern C:\MCC18\v3_39\src\traditional\proc\p18F4520.asm
              HLVDCONbits   0x000fd2       data     extern C:\MCC18\v3_39\src\traditional\proc\p18F4520.asm
               LVDCONbits   0x000fd2       data     extern C:\MCC18\v3_39\src\traditional\proc\p18F4520.asm
                   LVDCON   0x000fd2       data     extern C:\MCC18\v3_39\src\traditional\proc\p18F4520.asm
               OSCCONbits   0x000fd3       data     extern C:\MCC18\v3_39\src\traditional\proc\p18F4520.asm
                   OSCCON   0x000fd3       data     extern C:\MCC18\v3_39\src\traditional\proc\p18F4520.asm
                T0CONbits   0x000fd5       data     extern C:\MCC18\v3_39\src\traditional\proc\p18F4520.asm
                    T0CON   0x000fd5       data     extern C:\MCC18\v3_39\src\traditional\proc\p18F4520.asm
                    TMR0L   0x000fd6       data     extern C:\MCC18\v3_39\src\traditional\proc\p18F4520.asm
                    TMR0H   0x000fd7       data     extern C:\MCC18\v3_39\src\traditional\proc\p18F4520.asm
               STATUSbits   0x000fd8       data     extern C:\MCC18\v3_39\src\traditional\proc\p18F4520.asm
                   STATUS   0x000fd8       data     extern C:\MCC18\v3_39\src\traditional\proc\p18F4520.asm
                     FSR2   0x000fd9       data     extern C:\MCC18\v3_39\src\traditional\proc\p18F4520.asm
                    FSR2L   0x000fd9       data     extern C:\MCC18\v3_39\src\traditional\proc\p18F4520.asm
                    FSR2H   0x000fda       data     extern C:\MCC18\v3_39\src\traditional\proc\p18F4520.asm
                   PLUSW2   0x000fdb       data     extern C:\MCC18\v3_39\src\traditional\proc\p18F4520.asm
                  PREINC2   0x000fdc       data     extern C:\MCC18\v3_39\src\traditional\proc\p18F4520.asm
                 POSTDEC2   0x000fdd       data     extern C:\MCC18\v3_39\src\traditional\proc\p18F4520.asm
                 POSTINC2   0x000fde       data     extern C:\MCC18\v3_39\src\traditional\proc\p18F4520.asm
                    INDF2   0x000fdf       data     extern C:\MCC18\v3_39\src\traditional\proc\p18F4520.asm
                      BSR   0x000fe0       data     extern C:\MCC18\v3_39\src\traditional\proc\p18F4520.asm
                    FSR1L   0x000fe1       data     extern C:\MCC18\v3_39\src\traditional\proc\p18F4520.asm
                     FSR1   0x000fe1       data     extern C:\MCC18\v3_39\src\traditional\proc\p18F4520.asm
                    FSR1H   0x000fe2       data     extern C:\MCC18\v3_39\src\traditional\proc\p18F4520.asm
                   PLUSW1   0x000fe3       data     extern C:\MCC18\v3_39\src\traditional\proc\p18F4520.asm
                  PREINC1   0x000fe4       data     extern C:\MCC18\v3_39\src\traditional\proc\p18F4520.asm
                 POSTDEC1   0x000fe5       data     extern C:\MCC18\v3_39\src\traditional\proc\p18F4520.asm
                 POSTINC1   0x000fe6       data     extern C:\MCC18\v3_39\src\traditional\proc\p18F4520.asm
                    INDF1   0x000fe7       data     extern C:\MCC18\v3_39\src\traditional\proc\p18F4520.asm
                        W   0x000fe8       data     extern C:\MCC18\v3_39\src\traditional\proc\p18F4520.asm
                     WREG   0x000fe8       data     extern C:\MCC18\v3_39\src\traditional\proc\p18F4520.asm
                    FSR0L   0x000fe9       data     extern C:\MCC18\v3_39\src\traditional\proc\p18F4520.asm
                     FSR0   0x000fe9       data     extern C:\MCC18\v3_39\src\traditional\proc\p18F4520.asm
                    FSR0H   0x000fea       data     extern C:\MCC18\v3_39\src\traditional\proc\p18F4520.asm
                   PLUSW0   0x000feb       data     extern C:\MCC18\v3_39\src\traditional\proc\p18F4520.asm
                  PREINC0   0x000fec       data     extern C:\MCC18\v3_39\src\traditional\proc\p18F4520.asm
                 POSTDEC0   0x000fed       data     extern C:\MCC18\v3_39\src\traditional\proc\p18F4520.asm
                 POSTINC0   0x000fee       data     extern C:\MCC18\v3_39\src\traditional\proc\p18F4520.asm
                    INDF0   0x000fef       data     extern C:\MCC18\v3_39\src\traditional\proc\p18F4520.asm
              INTCON3bits   0x000ff0       data     extern C:\MCC18\v3_39\src\traditional\proc\p18F4520.asm
                  INTCON3   0x000ff0       data     extern C:\MCC18\v3_39\src\traditional\proc\p18F4520.asm
                  INTCON2   0x000ff1       data     extern C:\MCC18\v3_39\src\traditional\proc\p18F4520.asm
              INTCON2bits   0x000ff1       data     extern C:\MCC18\v3_39\src\traditional\proc\p18F4520.asm
               INTCONbits   0x000ff2       data     extern C:\MCC18\v3_39\src\traditional\proc\p18F4520.asm
                   INTCON   0x000ff2       data     extern C:\MCC18\v3_39\src\traditional\proc\p18F4520.asm
                    PRODL   0x000ff3       data     extern C:\MCC18\v3_39\src\traditional\proc\p18F4520.asm
                     PROD   0x000ff3       data     extern C:\MCC18\v3_39\src\traditional\proc\p18F4520.asm
                    PRODH   0x000ff4       data     extern C:\MCC18\v3_39\src\traditional\proc\p18F4520.asm
                   TABLAT   0x000ff5       data     extern C:\MCC18\v3_39\src\traditional\proc\p18F4520.asm
                   TBLPTR   0x000ff6       data     extern C:\MCC18\v3_39\src\traditional\proc\p18F4520.asm
                  TBLPTRL   0x000ff6       data     extern C:\MCC18\v3_39\src\traditional\proc\p18F4520.asm
                  TBLPTRH   0x000ff7       data     extern C:\MCC18\v3_39\src\traditional\proc\p18F4520.asm
                  TBLPTRU   0x000ff8       data     extern C:\MCC18\v3_39\src\traditional\proc\p18F4520.asm
                      PCL   0x000ff9       data     extern C:\MCC18\v3_39\src\traditional\proc\p18F4520.asm
                       PC   0x000ff9       data     extern C:\MCC18\v3_39\src\traditional\proc\p18F4520.asm
                   PCLATH   0x000ffa       data     extern C:\MCC18\v3_39\src\traditional\proc\p18F4520.asm
                   PCLATU   0x000ffb       data     extern C:\MCC18\v3_39\src\traditional\proc\p18F4520.asm
               STKPTRbits   0x000ffc       data     extern C:\MCC18\v3_39\src\traditional\proc\p18F4520.asm
                   STKPTR   0x000ffc       data     extern C:\MCC18\v3_39\src\traditional\proc\p18F4520.asm
                      TOS   0x000ffd       data     extern C:\MCC18\v3_39\src\traditional\proc\p18F4520.asm
                     TOSL   0x000ffd       data     extern C:\MCC18\v3_39\src\traditional\proc\p18F4520.asm
                     TOSH   0x000ffe       data     extern C:\MCC18\v3_39\src\traditional\proc\p18F4520.asm
                     TOSU   0x000fff       data     extern C:\MCC18\v3_39\src\traditional\proc\p18F4520.asm


